1..2
ok 1 - (***REPLACED TIME***)
not ok 2 - (***REPLACED TIME***)
