1..1
ok 1 - This is a description over multiple lines
