1..2
ok 1 - (***REPLACED TIME***)
ok 2 - (***REPLACED TIME***)
