1..2
ok 1 - Test description
not ok 2 - Test description
