1..100
ok 1
ok 2
not ok 3
ok 4
ok 5
not ok 6
ok 7
ok 8
not ok 9
ok 10
not ok 11
not ok 12
ok 13
ok 14
not ok 15
ok 16
ok 17
not ok 18
ok 19
ok 20
ok 21
not ok 22
ok 23
ok 24
ok 25
ok 26
ok 27
ok 28
ok 29
ok 30
ok 31
ok 32
not ok 33
ok 34
ok 35
ok 36
ok 37
ok 38
ok 39
ok 40
ok 41
ok 42
ok 43
not ok 44
ok 45
ok 46
ok 47
ok 48
ok 49
ok 50
ok 51
ok 52
ok 53
ok 54
not ok 55
ok 56
ok 57
ok 58
ok 59
ok 60
ok 61
ok 62
ok 63
ok 64
ok 65
not ok 66
ok 67
ok 68
ok 69
ok 70
ok 71
ok 72
ok 73
ok 74
ok 75
ok 76
not ok 77
ok 78
ok 79
ok 80
ok 81
ok 82
ok 83
ok 84
ok 85
ok 86
ok 87
not ok 88
ok 89
ok 90
ok 91
ok 92
ok 93
ok 94
ok 95
ok 96
ok 97
ok 98
not ok 99
ok 100
